c2c41 0 172 
c2c41 16 141 
c2c41 32 173 
c2c41 48 138 
c2c41 64 191 
c2c41 80 174 
c2c41 96 189 
c2c41 112 181 
c2c41 128 163 
c2c41 144 182 
c2c41 160 190 
c2c41 176 172 
c2c41 192 174 
c2c41 208 212 
c2c41 224 182 
c2c41 240 208 
c2c42 0 200 
c2c42 16 80 
c2c42 32 112 
c2c42 48 180 
c2c42 64 107 
c2c42 80 129 
c2c42 96 110 
c2c42 112 175 
c2c42 128 78 
c2c42 144 123 
c2c42 160 221 
c2c42 176 212 
c2c42 192 117 
c2c42 208 139 
c2c42 224 191 
c2c42 240 106 
c2c43 0 185 
c2c43 16 215 
c2c43 32 212 
c2c43 48 225 
c2c43 64 276 HIT
c2c43 80 215 
c2c43 96 212 
c2c43 112 309 HIT
c2c43 128 259 HIT
c2c43 144 234 
c2c43 160 204 
c2c43 176 317 HIT
c2c43 192 315 HIT
c2c43 208 341 HIT
c2c43 224 394 HIT
c2c43 240 369 HIT
c2c44 0 129 
c2c44 16 343 HIT
c2c44 32 259 HIT
c2c44 48 302 HIT
c2c44 64 356 HIT
c2c44 80 337 HIT
c2c44 96 248 
c2c44 112 321 HIT
c2c44 128 284 HIT
c2c44 144 316 HIT
c2c44 160 318 HIT
c2c44 176 373 HIT
c2c44 192 311 HIT
c2c44 208 297 HIT
c2c44 224 298 HIT
c2c44 240 261 HIT
c2c45 0 149 
c2c45 16 440 HIT
c2c45 32 378 HIT
c2c45 48 389 HIT
c2c45 64 341 HIT
c2c45 80 340 HIT
c2c45 96 323 HIT
c2c45 112 363 HIT
c2c45 128 357 HIT
c2c45 144 386 HIT
c2c45 160 189 
c2c45 176 185 
c2c45 192 165 
c2c45 208 283 HIT
c2c45 224 188 
c2c45 240 183 
c2c46 0 216 
c2c46 16 187 
c2c46 32 210 
c2c46 48 195 
ERROR sweep c2c46
NIGHT4 DONE
