cruise1 0 507 HIT
cruise1 8 531 HIT
cruise1 16 500 HIT
cruise1 24 499 HIT
cruise1 32 651 HIT
cruise1 40 573 HIT
cruise1 48 502 HIT
cruise1 56 518 HIT
cruise1 64 418 HIT
cruise1 72 590 HIT
cruise1 80 512 HIT
cruise1 88 557 HIT
cruise1 96 539 HIT
cruise1 104 546 HIT
cruise1 112 483 HIT
cruise1 120 548 HIT
cruise1 128 482 HIT
cruise1 136 536 HIT
cruise1 144 538 HIT
cruise1 152 545 HIT
cruise1 160 506 HIT
cruise1 168 567 HIT
cruise1 176 554 HIT
cruise1 184 550 HIT
cruise1 192 498 HIT
cruise1 200 493 HIT
cruise1 208 537 HIT
cruise1 216 567 HIT
cruise1 224 578 HIT
cruise1 232 557 HIT
cruise1 240 573 HIT
cruise1 248 581 HIT
cruise2 0 454 HIT
cruise2 8 493 HIT
cruise2 16 440 HIT
cruise2 24 503 HIT
cruise2 32 568 HIT
cruise2 40 543 HIT
cruise2 48 494 HIT
cruise2 56 535 HIT
cruise2 64 512 HIT
cruise2 72 471 HIT
cruise2 80 491 HIT
cruise2 88 497 HIT
cruise2 96 487 HIT
cruise2 104 458 HIT
cruise2 112 435 HIT
cruise2 120 575 HIT
cruise2 128 452 HIT
cruise2 136 454 HIT
cruise2 144 515 HIT
cruise2 152 488 HIT
cruise2 160 459 HIT
cruise2 168 580 HIT
cruise2 176 555 HIT
cruise2 184 551 HIT
cruise2 192 538 HIT
cruise2 200 507 HIT
cruise2 208 482 HIT
cruise2 216 499 HIT
cruise2 224 466 HIT
cruise2 232 460 HIT
cruise2 240 488 HIT
cruise2 248 466 HIT
cruise3 0 133 
cruise3 8 130 
cruise3 16 102 
cruise3 24 174 
cruise3 32 212 
cruise3 40 182 
cruise3 48 193 
cruise3 56 88 
cruise3 64 123 
cruise3 72 96 
cruise3 80 150 
cruise3 88 118 
cruise3 96 81 
cruise3 104 155 
cruise3 112 198 
cruise3 120 70 
cruise3 128 76 
cruise3 136 126 
cruise3 144 131 
cruise3 152 138 
cruise3 160 230 
cruise3 168 258 HIT
cruise3 176 197 
cruise3 184 225 
cruise3 192 129 
cruise3 200 140 
cruise3 208 114 
cruise3 216 152 
cruise3 224 168 
cruise3 232 90 
cruise3 240 216 
cruise3 248 227 
cruise5 0 71 
cruise5 8 169 
cruise5 16 188 
cruise5 24 211 
cruise5 32 210 
cruise5 40 212 
cruise5 48 177 
cruise5 56 165 
cruise5 64 176 
cruise5 72 176 
cruise5 80 130 
cruise5 88 162 
cruise5 96 242 
cruise5 104 179 
cruise5 112 157 
cruise5 120 184 
cruise5 128 142 
cruise5 136 106 
cruise5 144 149 
cruise5 152 177 
cruise5 160 181 
cruise5 168 224 
cruise5 176 173 
cruise5 184 171 
cruise5 192 159 
cruise5 200 198 
cruise5 208 175 
cruise5 216 145 
cruise5 224 170 
cruise5 232 182 
cruise5 240 210 
cruise5 248 157 
cruise6 0 150 
cruise6 8 192 
cruise6 16 170 
cruise6 24 3670 HIT
cruise6 32 3670 HIT
cruise6 40 3678 HIT
cruise6 48 3690 HIT
cruise6 56 3692 HIT
cruise6 64 3683 HIT
cruise6 72 3698 HIT
cruise6 80 3680 HIT
cruise6 88 3682 HIT
cruise6 96 865 HIT
cruise6 104 824 HIT
cruise6 112 827 HIT
cruise6 120 742 HIT
cruise6 128 769 HIT
cruise6 136 823 HIT
cruise6 144 896 HIT
cruise6 152 876 HIT
cruise6 160 858 HIT
cruise6 168 837 HIT
cruise6 176 823 HIT
cruise6 184 821 HIT
cruise6 192 866 HIT
cruise6 200 806 HIT
cruise6 208 827 HIT
cruise6 216 797 HIT
cruise6 224 866 HIT
cruise6 232 842 HIT
cruise6 240 811 HIT
cruise6 248 851 HIT
NIGHT3 DONE
