HIT 12F b2 = 00  score 696
HIT 12F b2 = 0A  score 590
HIT 12F b2 = 82  score 702
HIT 12F b2 = 88  score 973
HIT 12F b2 = 8B  score 609
HIT 12F b2 = 8E  score 714
HIT 12F b2 = 9A  score 605
HIT 12F b2 = FF  score 723
done 12F b2
HIT 12F b3 = 00  score 593
done 12F b3
done 12F b4
done 12F b5
done 12F b6
done 12F b7
done F3 b3
done F3 b4
done F3 b5
done F3 b6
done F3 b7
done 3F9 b0
done 3F9 b1
done 3F9 b2
done 3F9 b3
done 3F9 b4
done 3F9 b6
done 3F9 b7
done 2C4 b2
done 2C4 b3
done 2C4 b4
done 2C4 b5
done 2C4 b6
done 2C4 b7
FINISHED, 9 hits
