1024 92  settle 1.0
1025 72  settle 1.0
1026 46  settle 1.0
1027 84  settle 1.0
1028 106  settle 1.0
1029 98  settle 1.0
1030 158  settle 1.0
1031 75  settle 1.0
1032 91  settle 1.0
1033 71  settle 1.0
1034 87  settle 1.0
1035 87  settle 1.0
1036 115  settle 1.0
1037 102  settle 1.0
1038 70  settle 1.0
1039 90  settle 1.0
1040 58  settle 1.0
1041 84  settle 1.0
1042 77  settle 1.0
1043 316 HIT settle -9.4
1044 107  settle 1.0
1045 114  settle 1.0
1046 101  settle 1.0
1047 91  settle 1.0
1048 100  settle 1.0
1049 94  settle 1.0
1050 118  settle 1.0
1051 102  settle 1.0
1052 105  settle 1.0
1053 104  settle -9.4
1054 304 HIT settle -9.4
1055 96  settle 1.0
1056 82  settle 1.0
1057 75  settle 1.0
1058 88  settle 1.0
1059 92  settle 1.0
1060 45  settle 1.0
1061 103  settle 1.0
1062 97  settle 1.0
1063 256 HIT settle 1.0
1064 54  settle 1.0
1065 72  settle 1.0
1066 85  settle 1.0
1067 47  settle 0.9
1068 85  settle 1.0
1069 79  settle 1.0
1070 85  settle 1.0
1071 92  settle 1.0
1072 97  settle 1.0
1073 84  settle 1.0
1074 93  settle 1.0
1075 134  settle 1.0
1076 80  settle 1.0
1077 48  settle 1.0
1078 80  settle 1.0
1079 69  settle 1.0
1080 104  settle 1.0
1081 43  settle 1.0
1082 64  settle 1.0
1083 70  settle 1.0
1084 51  settle 1.0
1085 88  settle 1.0
1086 90  settle 1.0
1087 108  settle 1.0
1088 231  settle 0.8
1089 79  settle 1.0
1090 58  settle 1.0
1091 107  settle 1.0
1092 102  settle 1.0
1093 75  settle 1.0
1094 84  settle 1.0
1095 96  settle 1.0
1096 69  settle 1.0
1097 82  settle 1.0
1098 96  settle 0.8
1099 109  settle 1.0
1100 234  settle 6.6
1101 72  settle 0.8
1102 90  settle 1.0
1103 64  settle 1.0
1104 83  settle 1.0
1105 53  settle 1.0
1106 86  settle 1.0
1107 72  settle 1.0
1108 94  settle 0.8
1109 93  settle 1.0
1110 75  settle 1.0
1111 138  settle 1.0
1112 66  settle 1.0
1113 83  settle 1.0
1114 78  settle 1.0
1115 76  settle 1.0
1116 60  settle 1.0
1117 100  settle 1.0
1118 82  settle 1.0
1119 99  settle 1.0
1120 114  settle 1.0
1121 94  settle 1.0
1122 98  settle 1.0
1123 102  settle -9.4
1124 313 HIT settle -9.4
1125 72  settle 1.0
1126 104  settle 1.0
1127 98  settle 1.0
1128 119  settle 1.0
1129 131  settle 1.0
1130 100  settle 1.0
1131 64  settle 1.0
1132 101  settle -9.4
1133 306 HIT settle -13.6
1134 93  settle 1.0
1135 79  settle 1.0
1136 89  settle 1.0
1137 63  settle 1.0
1138 70  settle 1.0
1139 63  settle 1.0
1140 96  settle 1.0
1141 185  settle 1.0
1142 111  settle 1.0
1143 108  settle 1.0
1144 95  settle 1.0
1145 52  settle 1.0
1146 80  settle 1.0
1147 100  settle 1.0
1148 83  settle 1.0
1149 77  settle 1.0
1150 92  settle 1.0
1151 102  settle 1.0
1152 102  settle 1.0
1153 214  settle 1.0
1154 110  settle 1.0
1155 58  settle 1.0
1156 72  settle 1.0
1157 83  settle 1.0
1158 90  settle 1.0
1159 100  settle 1.0
1160 88  settle 1.0
1161 89  settle 1.0
1162 86  settle 1.0
1163 71  settle 1.0
1164 78  settle 0.9
1165 83  settle 1.0
1166 298 HIT settle -9.4
1167 109  settle 1.0
1168 83  settle 1.0
1169 89  settle 1.0
1170 98  settle 1.0
1171 82  settle 1.0
1172 96  settle 1.0
1173 95  settle 1.0
1174 98  settle 1.0
1175 138  settle 1.0
1176 105  settle 5.2
1177 260 HIT settle 2.4
1178 103  settle 1.0
1179 66  settle 1.0
1180 82  settle 1.0
1181 84  settle 1.0
1182 71  settle 1.0
1183 58  settle 1.0
1184 68  settle 1.0
1185 60  settle 1.0
1186 108  settle 1.0
1187 84  settle 1.0
1188 174  settle 1.0
1189 72  settle 1.0
1190 64  settle 1.0
1191 84  settle 1.0
1192 99  settle 1.0
1193 72  settle 1.0
1194 108  settle 1.0
1195 95  settle 1.0
1196 78  settle 1.0
1197 87  settle 1.0
