50 3656 HIT settle 3.8
51 82  settle 1.0
52 3887 HIT settle 3.8
53 74  settle 1.0
54 3946 HIT settle 3.8
55 3659 HIT settle 1.0
56 69  settle 1.0
57 73  settle 1.0
58 84  settle 1.0
59 95  settle 1.0
60 3751 HIT settle 3.8
61 90  settle 0.8
62 2994 HIT settle 3.8
63 3921 HIT settle 3.8
64 98  settle 1.0
65 100  settle 1.0
66 3658 HIT settle 3.8
67 3810 HIT settle 3.8
68 3779 HIT settle 3.8
69 3589 HIT settle 3.8
70 5661 HIT settle 3.8
71 5078 HIT settle 3.8
72 62  settle 1.0
73 65  settle 1.0
74 7038 HIT settle 3.8
75 3552 HIT settle 3.8
76 112  settle 1.0
77 1762 HIT settle 1.0
78 2868 HIT settle 3.8
79 3377 HIT settle 3.8
80 77  settle 1.0
81 129  settle 1.0
82 52  settle 1.0
83 92  settle 1.0
84 98  settle 1.0
85 3597 HIT settle 3.8
86 67  settle 1.0
87 3579 HIT settle 3.8
88 3572 HIT settle 3.8
89 3621 HIT settle 3.8
90 3489 HIT settle 3.8
91 3366 HIT settle 1.0
92 102  settle 1.0
93 93  settle 1.0
94 5241 HIT settle 3.8
95 5212 HIT settle 3.8
96 106  settle 1.0
97 7247 HIT settle 3.8
98 104  settle 1.0
99 75  settle 1.0
100 83  settle 1.0
101 115  settle 1.0
102 66  settle 1.0
103 3353 HIT settle 3.8
104 3406 HIT settle 3.8
105 3390 HIT settle 3.8
106 87  settle 1.0
107 151  settle 1.0
108 5276 HIT settle 3.8
109 5239 HIT settle 3.8
110 101  settle 1.0
111 89  settle 1.0
112 97  settle 1.0
113 3241 HIT settle 1.0
114 3650 HIT settle 3.8
115 3508 HIT settle 3.8
116 3606 HIT settle 3.8
117 3560 HIT settle 3.7
118 3611 HIT settle 3.8
119 3635 HIT settle 3.8
120 3614 HIT settle 3.8
121 3598 HIT settle 3.8
122 3572 HIT settle 3.8
123 3611 HIT settle 3.8
124 66  settle 1.0
125 3592 HIT settle 3.8
126 3517 HIT settle 3.8
127 92  settle 1.0
128 3496 HIT settle 3.8
129 3650 HIT settle 3.8
130 3487 HIT settle 3.8
131 3434 HIT settle 3.8
132 3448 HIT settle 3.8
133 3521 HIT settle 3.8
134 3562 HIT settle 3.8
135 82  settle 1.0
136 3566 HIT settle 3.8
137 71  settle 1.0
138 3483 HIT settle 3.8
139 3745 HIT settle 3.8
140 3642 HIT settle 3.8
141 3635 HIT settle 3.8
142 3622 HIT settle 3.8
143 3582 HIT settle 3.8
144 3613 HIT settle 3.8
145 3613 HIT settle 3.8
146 76  settle 1.0
147 3878 HIT settle 3.8
148 3591 HIT settle 3.8
149 3590 HIT settle 3.8
150 3472 HIT settle 3.8
151 3547 HIT settle 3.6
152 3323 HIT settle 3.8
153 3350 HIT settle 3.8
154 3988 HIT settle 3.8
155 92  settle 1.0
156 3719 HIT settle 3.8
157 3469 HIT settle 3.8
158 61  settle 1.0
159 3262 HIT settle 3.8
160 3766 HIT settle 3.8
161 3234 HIT settle 3.8
162 3557 HIT settle 3.8
163 3636 HIT settle 3.8
164 3424 HIT settle -16.4
165 2355 HIT settle -13.6
166 3374 HIT settle -17.8
167 3373 HIT settle -9.4
168 67  settle 1.0
169 67  settle 1.0
170 2225 HIT settle -12.2
171 112  settle 1.0
172 102  settle 1.0
173 3446 HIT settle 3.8
174 2947 HIT settle 3.8
175 3380 HIT settle 3.8
176 3670 HIT settle 3.8
177 3606 HIT settle 3.8
178 96  settle 1.0
179 3444 HIT settle 3.8
180 3404 HIT settle 3.8
181 1819 HIT settle 1.0
182 89  settle 1.0
183 3305 HIT settle 3.8
184 5830 HIT settle 1.0
185 2846 HIT settle -9.4
186 1998 HIT settle -9.4
187 71  settle 1.0
188 77  settle 1.0
189 71  settle 1.0
190 100  settle 1.0
191 90  settle 0.8
192 3676 HIT settle 3.8
193 3208 HIT settle 3.8
194 94  settle 1.0
195 3606 HIT settle 3.8
196 86  settle 1.0
197 102  settle 1.0
198 112  settle 1.0
199 76  settle 1.0
200 90  settle 1.0
201 3529 HIT settle 3.8
202 58  settle 1.0
203 3091 HIT settle 1.0
204 3401 HIT settle 3.8
205 65  settle 1.0
206 2889 HIT settle 3.8
207 89  settle 1.0
208 70  settle 1.0
209 3143 HIT settle 3.8
210 3740 HIT settle 3.8
211 76  settle 1.0
212 3460 HIT settle 3.8
213 3141 HIT settle 3.8
214 121  settle 1.0
215 1374 HIT settle 1.0
216 3412 HIT settle 3.8
217 3372 HIT settle 3.8
218 89  settle 0.8
219 77  settle 1.0
220 82  settle 1.0
221 3564 HIT settle 3.8
222 78  settle 1.0
223 3817 HIT settle 3.8
224 3596 HIT settle 3.8
225 3226 HIT settle 3.8
226 3810 HIT settle 3.8
227 90  settle 1.0
228 84  settle 1.0
229 3308 HIT settle 3.8
230 85  settle 1.0
231 3399 HIT settle 3.8
232 3766 HIT settle 3.8
233 3247 HIT settle 3.8
234 3351 HIT settle 3.8
235 99  settle 1.0
236 9015 HIT settle 3.8
237 5343 HIT settle 3.8
238 97  settle 1.0
239 3703 HIT settle 3.8
240 3723 HIT settle 3.8
241 3742 HIT settle 3.8
242 3707 HIT settle 3.8
243 3735 HIT settle 3.8
244 3343 HIT settle 1.0
245 3420 HIT settle 3.8
246 103  settle 1.0
247 100  settle 1.0
248 112  settle 1.0
249 84  settle 1.0
250 3015 HIT settle 3.8
251 94  settle 1.0
252 61  settle 1.0
253 99  settle 1.0
254 84  settle 1.0
255 99  settle 1.0
256 71  settle 1.0
257 3146 HIT settle 3.8
258 89  settle 1.0
259 3710 HIT settle 3.8
260 100  settle 1.0
261 3713 HIT settle 3.8
262 3372 HIT settle 3.8
263 95  settle 1.0
264 104  settle 1.0
265 3529 HIT settle 3.8
266 3263 HIT settle 3.8
267 89  settle 1.0
268 70  settle 1.0
269 100  settle 1.0
270 110  settle 1.0
271 3171 HIT settle 3.8
272 63  settle 1.0
273 5599 HIT settle 3.8
274 90  settle 1.0
275 3209 HIT settle 3.8
276 79  settle 1.0
277 3550 HIT settle 3.8
278 2949 HIT settle 3.8
279 5079 HIT settle 3.8
280 5071 HIT settle 3.8
281 3318 HIT settle 1.0
282 80  settle 1.0
283 84  settle 1.0
284 3113 HIT settle 1.0
285 3629 HIT settle 1.0
286 3306 HIT settle 3.8
287 3378 HIT settle 3.8
288 65  settle 1.0
289 87  settle 1.0
290 83  settle 1.0
291 100  settle 1.0
292 109  settle 1.0
293 85  settle 1.0
294 94  settle 1.0
295 3633 HIT settle 3.8
296 114  settle 1.0
297 118  settle 1.0
298 138  settle 1.0
299 3853 HIT settle 3.8
300 88  settle 1.0
301 3366 HIT settle 3.8
302 132  settle 1.0
303 3338 HIT settle 3.8
304 122  settle 1.0
305 3128 HIT settle -9.4
306 72  settle 1.0
307 127  settle 1.0
308 4571 HIT settle -9.4
309 112  settle 1.0
310 108  settle 1.0
311 109  settle 1.0
312 77  settle 1.0
313 134  settle 1.0
314 100  settle 1.0
315 99  settle 1.0
316 147  settle 1.0
317 107  settle 1.0
318 106  settle 1.0
319 108  settle 1.0
320 3061 HIT settle 3.8
321 5424 HIT settle 3.8
322 92  settle 1.0
323 76  settle 1.0
324 71  settle 1.0
325 92  settle 1.0
326 3011 HIT settle 1.0
327 3640 HIT settle 3.8
328 4919 HIT settle 3.8
329 120  settle 1.0
330 3165 HIT settle 3.8
331 3007 HIT settle 3.8
332 3222 HIT settle 3.8
333 3139 HIT settle 3.8
334 69  settle 1.0
335 3572 HIT settle 1.0
336 1158 HIT settle 1.0
337 3338 HIT settle 3.8
338 56  settle 1.0
339 3227 HIT settle 3.8
340 3259 HIT settle 3.8
341 3223 HIT settle 3.8
342 3221 HIT settle 3.8
343 86  settle 1.0
344 98  settle 1.0
345 3556 HIT settle 3.8
346 3555 HIT settle 3.8
347 3632 HIT settle 3.8
348 120  settle 1.0
349 3131 HIT settle 1.0
350 5302 HIT settle 3.8
351 5324 HIT settle 3.8
352 89  settle 1.0
353 84  settle 1.0
354 5142 HIT settle 3.8
355 106  settle 1.0
356 3513 HIT settle 3.8
357 68  settle 1.0
358 92  settle 1.0
359 74  settle 1.0
360 88  settle 1.0
361 104  settle 1.0
362 61  settle 1.0
363 89  settle 1.0
364 3666 HIT settle 3.8
365 79  settle 1.0
366 91  settle 1.0
367 2945 HIT settle 3.8
368 95  settle 1.0
369 9093 HIT settle 3.8
370 9172 HIT settle 3.8
371 3529 HIT settle 3.8
372 3640 HIT settle 3.7
373 3644 HIT settle 3.8
374 3129 HIT settle 3.8
375 95  settle 1.0
376 3156 HIT settle 3.8
377 3520 HIT settle 3.8
378 3527 HIT settle 3.8
379 3507 HIT settle 3.8
380 3495 HIT settle 3.8
381 3531 HIT settle 3.8
382 75  settle 1.0
383 67  settle 1.0
384 101  settle 1.0
385 84  settle 1.0
386 75  settle 1.0
387 73  settle 1.0
388 85  settle 1.0
389 4906 HIT settle 1.0
390 4947 HIT settle 1.0
391 124  settle 1.0
392 82  settle 1.0
393 3661 HIT settle 3.8
394 3632 HIT settle 3.8
395 3773 HIT settle 1.0
396 83  settle 1.0
397 3348 HIT settle 3.8
398 84  settle 1.0
399 79  settle 1.0
400 3515 HIT settle 3.8
401 50  settle 1.0
402 3284 HIT settle 3.8
403 3433 HIT settle 3.8
404 3482 HIT settle 3.8
405 3485 HIT settle 3.8
406 3692 HIT settle 3.8
407 97  settle 1.0
408 66  settle 1.0
409 81  settle 1.0
410 3876 HIT settle 3.8
411 65  settle 1.0
412 58  settle 1.0
413 77  settle 1.0
414 4978 HIT settle 3.8
415 3315 HIT settle -9.4
416 1826 HIT settle -12.2
417 113  settle 1.0
418 63  settle 1.0
419 3369 HIT settle 3.8
420 3343 HIT settle 3.8
421 62  settle 1.0
422 3336 HIT settle 3.8
423 85  settle 1.0
424 2991 HIT settle 3.8
425 3058 HIT settle 3.8
426 73  settle 1.0
427 3381 HIT settle 3.8
428 2955 HIT settle 3.8
429 67  settle 1.0
430 3116 HIT settle 3.8
431 4864 HIT settle 3.8
432 102  settle 1.0
433 69  settle 1.0
434 84  settle 1.0
435 3205 HIT settle 3.8
436 3383 HIT settle -9.4
437 2555 HIT settle -12.2
438 92  settle 1.0
439 3624 HIT settle 1.0
440 80  settle 1.0
441 3551 HIT settle 3.8
442 3324 HIT settle 3.8
443 3264 HIT settle 1.0
444 3281 HIT settle 1.0
445 102  settle 1.0
446 3334 HIT settle 1.0
447 89  settle 1.0
448 3329 HIT settle 3.8
449 3225 HIT settle 3.8
450 3231 HIT settle 3.8
451 3679 HIT settle 3.8
452 3371 HIT settle 1.0
453 3478 HIT settle 3.8
454 3515 HIT settle 3.8
455 3350 HIT settle 1.0
456 2889 HIT settle 1.0
457 3458 HIT settle 3.8
458 3204 HIT settle 3.8
459 61  settle 1.0
460 3167 HIT settle 3.8
461 3693 HIT settle 3.8
462 80  settle 1.0
463 88  settle 1.0
464 3303 HIT settle 1.0
465 69  settle 1.0
466 3329 HIT settle 3.8
467 57  settle 1.0
468 3054 HIT settle 3.8
469 3538 HIT settle 3.8
470 2999 HIT settle 2.4
471 2930 HIT settle 3.6
472 3015 HIT settle 3.8
473 3077 HIT settle 3.8
474 5234 HIT settle 3.8
475 3572 HIT settle 3.8
476 3277 HIT settle 3.8
477 3039 HIT settle 3.8
478 3548 HIT settle 3.8
479 3562 HIT settle 3.8
480 84  settle 1.0
481 93  settle 1.0
482 68  settle 1.0
483 3553 HIT settle 3.8
484 3062 HIT settle 3.8
485 81  settle 1.0
486 101  settle 1.0
487 3069 HIT settle 3.8
488 3906 HIT settle 1.0
489 4007 HIT settle 1.0
490 3691 HIT settle 3.8
491 3379 HIT settle 3.8
492 84  settle 1.0
493 88  settle 1.0
494 96  settle 1.0
495 3252 HIT settle 3.8
496 5514 HIT settle 3.8
497 5337 HIT settle 3.8
498 5617 HIT settle 3.8
499 3282 HIT settle 3.8
500 1903 HIT settle 1.0
501 5546 HIT settle 3.8
502 7051 HIT settle 3.8
503 7059 HIT settle 3.8
504 5563 HIT settle 3.8
505 3377 HIT settle 3.8
506 76  settle 1.0
507 2913 HIT settle 1.0
508 3070 HIT settle 3.8
509 2953 HIT settle 3.8
510 3101 HIT settle 3.8
511 3197 HIT settle 3.8
512 4825 HIT settle 3.8
513 114  settle 1.0
514 78  settle 1.0
515 63  settle 1.0
516 3113 HIT settle 3.8
517 110  settle 1.0
518 80  settle 1.0
519 2999 HIT settle 3.8
520 3609 HIT settle 1.0
521 5099 HIT settle 1.0
522 4179 HIT settle 1.0
523 6172 HIT settle 1.0
524 4533 HIT settle 1.0
525 3347 HIT settle 1.0
526 5133 HIT settle 1.0
527 4215 HIT settle 1.0
528 6289 HIT settle 1.0
529 4665 HIT settle 1.0
530 3367 HIT settle 1.0
531 3782 HIT settle 1.0
532 3485 HIT settle 1.0
533 3308 HIT settle 1.0
534 3054 HIT settle 1.0
535 3943 HIT settle 3.8
536 3033 HIT settle 3.8
537 2706 HIT settle -9.4
538 78  settle 0.9
539 70  settle 1.0
540 2721 HIT settle -9.4
541 51  settle 1.0
542 80  settle 1.0
543 77  settle 1.0
544 3735 HIT settle 3.8
545 3929 HIT settle 3.8
546 3719 HIT settle 3.8
547 3705 HIT settle 3.8
548 3647 HIT settle 3.8
549 3573 HIT settle 3.8
550 3539 HIT settle 3.8
551 5274 HIT settle 3.8
552 4759 HIT settle 3.8
553 3526 HIT settle 3.8
554 3486 HIT settle 3.8
555 3909 HIT settle 3.8
556 3719 HIT settle 3.8
557 3027 HIT settle 0.9
558 3158 HIT settle 3.8
559 71  settle 1.0
560 123  settle 1.0
561 3012 HIT settle 3.8
562 3037 HIT settle 3.8
563 3085 HIT settle -9.4
564 80  settle 1.0
565 2449 HIT settle -9.4
566 3093 HIT settle 1.0
567 3275 HIT settle 3.8
568 3252 HIT settle 3.8
569 3230 HIT settle 3.8
570 3242 HIT settle 3.8
571 81  settle 1.0
572 65  settle 1.0
573 3303 HIT settle 3.8
574 3427 HIT settle 3.8
575 3270 HIT settle 3.8
576 3267 HIT settle 3.8
577 3307 HIT settle 3.8
578 3233 HIT settle 3.8
579 3442 HIT settle 3.8
580 3411 HIT settle 3.8
581 1251 HIT settle 1.0
582 3180 HIT settle 3.8
583 3457 HIT settle 1.0
584 3027 HIT settle 3.8
585 3249 HIT settle 3.8
586 3271 HIT settle 3.8
587 3607 HIT settle 3.8
588 3601 HIT settle 3.8
589 3597 HIT settle 3.8
590 3580 HIT settle 3.8
591 3626 HIT settle 3.8
592 3461 HIT settle 3.8
593 3530 HIT settle 3.8
594 3391 HIT settle 3.8
595 3465 HIT settle 3.8
596 3039 HIT settle 3.8
597 3140 HIT settle 3.8
598 3041 HIT settle 3.8
599 3227 HIT settle 3.8
600 95  settle 1.0
601 4825 HIT settle 3.8
602 4857 HIT settle 3.8
603 4869 HIT settle 3.8
604 6890 HIT settle 3.8
605 91  settle 1.0
606 89  settle 1.0
607 99  settle 1.0
608 3633 HIT settle 3.8
609 3462 HIT settle 3.8
610 3495 HIT settle 3.8
611 3522 HIT settle 3.8
612 110  settle 1.0
613 97  settle 1.0
614 66  settle 1.0
615 88  settle 1.0
616 64  settle 1.0
617 96  settle 1.0
618 92  settle 1.0
619 107  settle 1.0
620 84  settle 1.0
621 89  settle 1.0
622 94  settle 1.0
623 88  settle 1.0
624 59  settle 1.0
625 85  settle 1.0
626 3477 HIT settle 3.8
627 5497 HIT settle 3.8
628 6857 HIT settle 3.8
629 6962 HIT settle 3.8
630 78  settle 1.0
631 3069 HIT settle 1.0
632 2938 HIT settle 1.0
633 3311 HIT settle 3.8
634 3345 HIT settle 3.8
635 3328 HIT settle 3.8
636 3708 HIT settle 1.0
637 3522 HIT settle 1.0
638 6965 HIT settle 3.8
639 91  settle 1.0
640 88  settle 1.0
641 70  settle 1.0
642 79  settle 1.0
643 63  settle 1.0
644 82  settle 1.0
645 108  settle 1.0
646 3114 HIT settle 3.8
647 3477 HIT settle 3.8
648 3509 HIT settle 1.0
649 3428 HIT settle 3.8
650 3437 HIT settle 3.8
651 62  settle 1.0
652 3291 HIT settle 3.8
653 3627 HIT settle 1.0
654 3326 HIT settle 1.0
655 3354 HIT settle 1.0
656 3336 HIT settle 1.0
657 5258 HIT settle -9.4
658 49  settle 1.0
659 2042 HIT settle 1.0
660 236  settle 1.0
661 73  settle 1.0
662 2061 HIT settle 1.0
663 2465 HIT settle 2.4
664 2554 HIT settle 3.8
665 2815 HIT settle 3.8
666 2469 HIT settle 3.8
667 2459 HIT settle 1.0
668 3680 HIT settle -23.4
669 3260 HIT settle 3.8
670 110  settle 1.0
671 97  settle 1.0
672 55  settle 1.0
673 62  settle 1.0
674 88  settle 1.0
675 76  settle 1.0
676 58  settle 1.0
677 78  settle 1.0
678 83  settle 1.0
679 85  settle 1.0
680 93  settle 0.9
681 119  settle 1.0
682 104  settle 1.0
683 75  settle 1.0
684 86  settle 1.0
685 3676 HIT settle 3.8
686 3523 HIT settle 3.8
687 3564 HIT settle 3.8
688 3073 HIT settle 3.8
689 3059 HIT settle 3.8
690 3036 HIT settle 3.8
691 68  settle 1.0
692 112  settle 1.0
693 83  settle 1.0
694 72  settle 1.0
695 122  settle 1.0
696 103  settle 1.0
697 84  settle 1.0
698 3319 HIT settle 3.8
699 104  settle 1.0
700 92  settle 1.0
701 86  settle 1.0
702 141  settle 1.0
703 3184 HIT settle 1.0
704 76  settle 1.0
705 3486 HIT settle 1.0
706 3258 HIT settle 1.0
707 1341 HIT settle 1.0
708 96  settle 1.0
709 60  settle 1.0
710 63  settle 1.0
711 66  settle 1.0
712 61  settle 1.0
713 70  settle 1.0
714 106  settle 1.0
715 79  settle 1.0
716 103  settle 1.0
717 119  settle 1.0
718 2891 HIT settle 3.8
719 3267 HIT settle 3.8
720 3567 HIT settle 3.8
721 61  settle 1.0
722 108  settle 1.0
723 104  settle 1.0
724 83  settle 1.0
725 98  settle 1.0
726 3616 HIT settle 3.8
727 3583 HIT settle 3.8
728 82  settle 1.0
729 101  settle 1.0
730 88  settle 1.0
731 112  settle 1.0
732 3513 HIT settle 1.0
733 3303 HIT settle 1.0
734 3259 HIT settle 3.8
735 3184 HIT settle 3.8
736 145  settle 1.0
737 3622 HIT settle 3.8
738 137  settle 1.0
739 72  settle 1.0
740 104  settle 1.0
741 154  settle 1.0
742 118  settle 1.0
743 131  settle 1.0
744 77  settle 1.0
745 66  settle 1.0
746 58  settle 1.0
747 69  settle 1.0
748 102  settle 1.0
749 84  settle 1.0
750 89  settle 1.0
751 103  settle 1.0
752 57  settle 1.0
753 45  settle 1.0
754 98  settle 1.0
755 2144 HIT settle 1.0
756 103  settle 1.0
757 3474 HIT settle 3.8
758 3181 HIT settle 3.8
759 2854 HIT settle 3.8
760 101  settle 1.0
761 3170 HIT settle 3.8
762 3274 HIT settle 3.8
763 106  settle 1.0
764 3076 HIT settle 1.0
765 3445 HIT settle 3.8
766 3346 HIT settle 1.0
767 3239 HIT settle 3.8
768 2880 HIT settle 3.8
769 3301 HIT settle 1.0
770 68  settle 1.0
771 2697 HIT settle 1.0
772 103  settle 1.0
773 3254 HIT settle 3.8
774 125  settle 1.0
775 2882 HIT settle 3.8
776 2746 HIT settle 3.8
777 3303 HIT settle 3.8
778 84  settle 1.0
779 102  settle 1.0
780 4548 HIT settle 3.8
781 4480 HIT settle 3.8
782 118  settle 1.0
783 3380 HIT settle 3.8
784 3013 HIT settle 3.8
785 2870 HIT settle 3.8
786 3278 HIT settle 3.8
787 42  settle 1.0
788 54  settle 1.0
789 5134 HIT settle 3.8
790 3341 HIT settle 3.7
791 3210 HIT settle 1.0
792 3309 HIT settle 3.8
793 73  settle 1.0
794 102  settle 1.0
795 3562 HIT settle 3.8
796 93  settle 1.0
797 93  settle 1.0
798 65  settle 1.0
799 60  settle 1.0
800 3543 HIT settle 3.8
801 4788 HIT settle 3.8
802 3608 HIT settle 3.8
803 3670 HIT settle 3.8
804 3366 HIT settle 3.8
805 3121 HIT settle 3.8
806 3295 HIT settle 3.8
807 3294 HIT settle 3.8
808 3313 HIT settle 1.0
809 2927 HIT settle 3.8
810 2992 HIT settle 3.8
811 3102 HIT settle 1.0
812 3315 HIT settle 3.8
813 3400 HIT settle 3.8
814 3381 HIT settle 3.8
815 3425 HIT settle 3.8
816 3415 HIT settle 3.8
817 3416 HIT settle 3.8
818 3379 HIT settle 3.8
819 3286 HIT settle 3.8
820 3293 HIT settle 3.8
821 102  settle 1.0
822 3244 HIT settle 3.8
823 83  settle 1.0
824 2830 HIT settle 3.8
825 93  settle 1.0
826 3484 HIT settle 3.8
827 3405 HIT settle 3.8
828 2837 HIT settle 1.0
829 3413 HIT settle 3.8
830 2938 HIT settle 3.8
831 3545 HIT settle 1.0
832 3451 HIT settle 1.0
833 3398 HIT settle 1.0
834 2580 HIT settle 3.8
835 3377 HIT settle 3.8
836 130  settle 1.0
837 94  settle 1.0
838 2550 HIT settle 1.0
839 3490 HIT settle 3.8
840 3277 HIT settle 1.0
841 3286 HIT settle 1.0
842 3158 HIT settle 3.7
843 3363 HIT settle 3.8
844 3270 HIT settle 3.8
845 3097 HIT settle 3.8
846 3410 HIT settle 3.8
847 3114 HIT settle 3.8
848 100  settle 1.0
849 3233 HIT settle 3.8
850 3268 HIT settle 1.0
851 3047 HIT settle 3.8
852 87  settle 1.0
853 3118 HIT settle -9.4
854 1630 HIT settle 3.8
855 1944 HIT settle 3.8
856 95  settle 1.0
857 2889 HIT settle 1.0
858 1621 HIT settle 1.0
859 2687 HIT settle 3.8
860 91  settle 1.0
861 84  settle 1.0
862 2021 HIT settle 3.8
863 1651 HIT settle 3.7
864 2013 HIT settle 3.8
865 54  settle 1.0
866 100  settle 1.0
867 78  settle 1.0
868 2409 HIT settle 1.0
869 1804 HIT settle 1.0
870 2081 HIT settle 1.0
871 2039 HIT settle 3.8
872 1768 HIT settle 3.8
873 2811 HIT settle 3.8
874 2815 HIT settle 3.8
875 2123 HIT settle 3.8
876 1831 HIT settle 3.8
877 2567 HIT settle 1.0
878 1708 HIT settle 3.8
879 1902 HIT settle 1.0
880 1787 HIT settle 3.8
881 1867 HIT settle 1.0
882 2378 HIT settle 3.8
883 2358 HIT settle 3.8
884 2316 HIT settle 3.8
885 2276 HIT settle 3.8
886 2191 HIT settle 3.8
887 1793 HIT settle 3.8
888 2721 HIT settle 3.8
889 106  settle 1.0
890 2203 HIT settle 1.0
891 1692 HIT settle 1.0
892 2164 HIT settle 1.0
893 2922 HIT settle 1.0
894 2049 HIT settle 1.0
895 1610 HIT settle 2.4
896 89  settle 1.0
897 111  settle 1.0
898 80  settle 1.0
899 97  settle 1.0
900 115  settle 1.0
901 56  settle 1.0
902 89  settle 1.0
903 3079 HIT settle 1.0
904 78  settle 1.0
905 66  settle 1.0
906 102  settle 1.0
907 87  settle 1.0
908 92  settle 1.0
909 83  settle 1.0
910 99  settle 1.0
911 112  settle 1.0
912 103  settle 1.0
913 79  settle 1.0
914 75  settle 1.0
915 98  settle 1.0
916 131  settle 1.0
917 105  settle 1.0
918 81  settle 1.0
919 96  settle 1.0
920 82  settle 1.0
921 72  settle 1.0
922 85  settle 1.0
923 84  settle 1.0
924 79  settle 1.0
925 74  settle 0.9
926 91  settle 1.0
927 87  settle 1.0
928 91  settle 1.0
929 104  settle 1.0
930 139  settle 1.0
931 104  settle 1.0
932 80  settle 1.0
933 72  settle 1.0
934 88  settle 1.0
935 83  settle 1.0
936 89  settle 1.0
937 92  settle 1.0
938 92  settle 1.0
939 98  settle 1.0
940 95  settle 1.0
941 92  settle 1.0
942 80  settle 1.0
943 119  settle 1.0
944 135  settle 1.0
945 92  settle 1.0
946 83  settle 1.0
947 109  settle 1.0
948 82  settle 1.0
949 107  settle 1.0
950 77  settle 1.0
951 52  settle 1.0
952 106  settle 1.0
953 85  settle 1.0
954 96  settle 1.0
955 88  settle 1.0
956 104  settle 1.0
957 98  settle 1.0
958 129  settle 1.0
959 69  settle 1.0
960 94  settle 1.0
961 81  settle 1.0
962 102  settle 1.0
963 79  settle 1.0
964 60  settle 1.0
965 104  settle 1.0
966 100  settle 1.0
967 58  settle 1.0
968 83  settle 1.0
969 58  settle 1.0
970 76  settle 1.0
971 60  settle 1.0
972 79  settle 1.0
973 51  settle 1.0
974 67  settle 1.0
975 98  settle 1.0
976 106  settle 1.0
977 106  settle 1.0
978 118  settle 1.0
979 99  settle 1.0
980 96  settle 1.0
981 111  settle 1.0
982 90  settle 1.0
983 110  settle 1.0
984 65  settle 1.0
985 107  settle 1.0
986 94  settle 1.0
987 102  settle 1.0
988 110  settle 1.0
989 92  settle 1.0
990 92  settle 1.0
991 71  settle 1.0
992 84  settle 1.0
993 78  settle 1.0
994 114  settle 1.0
995 108  settle 1.0
996 94  settle 1.0
997 75  settle 1.0
998 91  settle 1.0
999 59  settle 1.0
1000 2070 HIT settle 1.0
1001 87  settle 1.0
1002 102  settle 1.0
1003 66  settle 1.0
1004 82  settle 1.0
1005 84  settle 1.0
1006 92  settle 1.0
1007 102  settle 1.0
1008 111  settle 1.0
1009 126  settle 1.0
1010 84  settle 1.0
1011 89  settle 1.0
1012 108  settle 1.0
1013 114  settle 1.0
1014 80  settle 1.0
1015 96  settle 1.0
1016 80  settle 1.0
1017 78  settle 1.0
1018 84  settle 1.0
1019 86  settle 1.0
1020 92  settle 1.0
1021 70  settle 1.0
1022 64  settle 1.0
1023 86  settle 1.0
