0 90  settle 1.0
1 3611 HIT settle 3.8
2 3611 HIT settle 3.8
3 3738 HIT settle 3.8
4 3613 HIT settle 3.8
5 3591 HIT settle 3.8
6 3690 HIT settle 3.8
7 3683 HIT settle 3.8
8 3662 HIT settle 3.8
9 3636 HIT settle 3.8
10 3559 HIT settle 3.7
11 3517 HIT settle 3.8
12 3548 HIT settle 3.8
13 112  settle 1.0
14 3164 HIT settle 1.0
15 3245 HIT settle 1.0
16 3152 HIT settle 1.0
17 3153 HIT settle 1.0
18 3314 HIT settle 1.0
19 3170 HIT settle 1.0
20 207  settle 1.0
21 3565 HIT settle 3.8
22 3639 HIT settle -1
23 385 HIT settle -1
24 5457 HIT settle -1
25 4099 HIT settle -1
26 692 HIT settle 16.4
27 214  settle 2.4
28 3768 HIT settle 3.8
29 3646 HIT settle 3.8
30 229  settle 1.0
31 204  settle 1.0
32 3482 HIT settle 3.8
33 220  settle 5.2
34 1436 HIT settle 1.0
35 5642 HIT settle 10.8
36 6080 HIT settle -1
37 3533 HIT settle -1
38 4203 HIT settle -1
39 4036 HIT settle -1
40 4412 HIT settle -1
41 5255 HIT settle -1
42 11805 HIT settle -1
43 6763 HIT settle -1
44 3891 HIT settle -1
45 8086 HIT settle -1
46 5461 HIT settle -1
47 6227 HIT settle -1
48 6983 HIT settle -1
49 7862 HIT settle -1
50 12183 HIT settle -1
51 9711 HIT settle -1
52 14193 HIT settle -1
53 11345 HIT settle -1
54 15902 HIT settle -1
55 16383 HIT settle -1
56 13919 HIT settle -1
57 14691 HIT settle -1
58 15609 HIT settle -1
59 16618 HIT settle -1
60 20360 HIT settle -1
61 17972 HIT settle -1
62 20848 HIT settle -1
63 22705 HIT settle -1
64 20112 HIT settle -1
65 20872 HIT settle -1
66 24465 HIT settle -1
67 25115 HIT settle -1
68 25789 HIT settle -1
69 26181 HIT settle -1
70 28906 HIT settle -1
71 28497 HIT settle -1
72 25155 HIT settle -1
73 25759 HIT settle -1
74 32174 HIT settle -1
75 29504 HIT settle -1
76 27638 HIT settle -1
