1198 133  settle 1.0
1199 75  settle 1.0
1200 69  settle 1.0
1201 84  settle 1.0
1202 77  settle 1.0
1203 92  settle 1.0
1204 70  settle 1.0
1205 79  settle 1.0
1206 102  settle 1.0
1207 105  settle 1.0
1208 69  settle 1.0
1209 98  settle 1.0
1210 200  settle 1.0
1211 69  settle 1.0
1212 76  settle 1.0
1213 70  settle 1.0
1214 70  settle 1.0
1215 65  settle 1.0
1216 67  settle 1.0
1217 59  settle 1.0
1218 59  settle 1.0
1219 79  settle 1.0
1220 63  settle 1.0
1221 68  settle 1.0
1222 56  settle 1.0
1223 261 HIT settle 1.0
1224 69  settle 1.0
1225 67  settle 1.0
1226 89  settle 1.0
1227 65  settle 1.0
1228 66  settle 1.0
1229 104  settle 1.0
1230 98  settle 1.0
1231 75  settle 1.0
1232 59  settle 1.0
1233 59  settle 1.0
1234 93  settle 1.0
1235 126  settle 1.0
1236 71  settle 1.0
1237 85  settle 1.0
1238 44  settle 1.0
1239 57  settle 1.0
1240 78  settle 1.0
1241 40  settle 1.0
1242 54  settle 1.0
1243 52  settle 1.0
1244 74  settle 1.0
1245 115  settle 1.0
1246 78  settle 1.0
1247 93  settle 1.0
1248 264 HIT settle 5.2
1249 72  settle 1.0
1250 84  settle 1.0
1251 72  settle 1.0
1252 77  settle 1.0
1253 89  settle 1.0
1254 115  settle 1.0
1255 68  settle 1.0
1256 71  settle 1.0
1257 93  settle 1.0
1258 91  settle 1.0
1259 268 HIT settle 8.0
1260 72  settle 1.0
1261 60  settle 1.0
1262 63  settle 1.0
1263 69  settle 1.0
1264 72  settle 0.8
1265 71  settle 1.0
1266 47  settle 1.0
1267 53  settle 1.0
1268 87  settle 1.0
1269 115  settle 1.0
1270 124  settle 1.0
1271 48  settle 1.0
1272 81  settle 1.0
1273 81  settle 1.0
1274 54  settle 1.0
1275 81  settle 1.0
1276 71  settle 1.0
1277 93  settle 1.0
1278 72  settle 1.0
1279 81  settle 1.0
1280 78  settle 1.0
1281 96  settle 1.0
1282 96  settle 1.0
1283 285 HIT settle -9.4
1284 80  settle 1.0
1285 118  settle 1.0
1286 71  settle 1.0
1287 42  settle 1.0
1288 49  settle 1.0
1289 79  settle 1.0
1290 73  settle 1.0
1291 81  settle 1.0
1292 58  settle 1.0
1293 265 HIT settle -9.4
1294 95  settle 1.0
1295 74  settle 1.0
1296 48  settle 0.9
1297 98  settle 1.0
1298 121  settle 1.0
1299 85  settle 1.0
1300 89  settle 1.0
1301 74  settle 1.0
1302 90  settle 1.0
1303 51  settle 1.0
1304 234  settle 0.9
1305 117  settle 1.0
1306 80  settle 1.0
1307 71  settle 1.0
1308 69  settle 1.0
1309 83  settle 1.0
1310 90  settle 1.0
1311 97  settle 1.0
1312 58  settle 1.0
1313 73  settle 1.0
1314 81  settle 1.0
1315 66  settle 1.0
1316 77  settle 1.0
1317 184  settle 1.0
1318 80  settle 1.0
1319 80  settle 1.0
1320 61  settle 1.0
1321 79  settle 1.0
1322 89  settle 1.0
1323 59  settle 1.0
1324 80  settle 1.0
1325 80  settle 1.0
1326 77  settle 1.0
1327 62  settle 1.0
1328 108  settle 1.0
1329 273 HIT settle 5.2
1330 88  settle 1.0
1331 95  settle 1.0
1332 74  settle 1.0
1333 52  settle 1.0
1334 85  settle 1.0
1335 76  settle 1.0
1336 95  settle 1.0
1337 84  settle 1.0
1338 66  settle 1.0
1339 54  settle 1.0
1340 77  settle 1.0
1341 213  settle 8.0
1342 102  settle 1.0
1343 98  settle 1.0
1344 96  settle 1.0
1345 74  settle 1.0
1346 61  settle 1.0
1347 47  settle 1.0
1348 88  settle 1.0
1349 72  settle 1.0
1350 66  settle 1.0
1351 61  settle 1.0
1352 137  settle 1.0
1353 65  settle 1.0
1354 72  settle 1.0
1355 83  settle 1.0
1356 62  settle 1.0
1357 62  settle 1.0
1358 57  settle 1.0
1359 63  settle 1.0
1360 68  settle 1.0
1361 96  settle 1.0
1362 101  settle 1.0
1363 80  settle 1.0
1364 235  settle 8.0
1365 51  settle 1.0
1366 58  settle 1.0
1367 47  settle 1.0
1368 67  settle 1.0
1369 70  settle 1.0
1370 63  settle 1.0
1371 54  settle 1.0
1372 86  settle 1.0
1373 79  settle 0.9
1374 79  settle 1.0
1375 284 HIT settle 8.0
1376 66  settle 1.0
1377 57  settle 1.0
1378 64  settle 1.0
1379 66  settle 1.0
1380 65  settle 0.9
1381 73  settle 1.0
1382 54  settle 0.9
1383 77  settle 1.0
1384 75  settle 1.0
1385 106  settle 1.0
1386 168  settle 1.0
1387 75  settle 1.0
1388 77  settle 1.0
1389 82  settle 1.0
1390 85  settle 1.0
1391 81  settle 1.0
1392 73  settle 1.0
1393 83  settle 1.0
1394 86  settle 1.0
1395 83  settle 1.0
1396 91  settle 1.0
1397 75  settle 1.0
1398 64  settle 1.0
1399 952 HIT settle -9.4
1400 90  settle 1.0
1401 59  settle 1.0
1402 94  settle 1.0
1403 91  settle 1.0
1404 79  settle 1.0
1405 69  settle 1.0
1406 73  settle 1.0
1407 76  settle 1.0
1408 94  settle 1.0
1409 78  settle -9.4
1410 302 HIT settle -9.4
1411 92  settle 1.0
1412 116  settle 1.0
1413 94  settle 1.0
1414 77  settle 1.0
1415 85  settle 1.0
1416 71  settle 1.0
1417 72  settle 0.9
1418 62  settle 1.0
1419 269 HIT settle 1.0
1420 91  settle 1.0
1421 71  settle 1.0
1422 92  settle 1.0
1423 52  settle 1.0
1424 88  settle 1.0
1425 84  settle 1.0
1426 60  settle 1.0
1427 63  settle 1.0
1428 51  settle 1.0
1429 74  settle 1.0
1430 74  settle 1.0
1431 168  settle 1.0
1432 80  settle 1.0
1433 90  settle 0.9
1434 102  settle 1.0
1435 100  settle 1.0
1436 110  settle 1.0
1437 73  settle 1.0
1438 73  settle 1.0
1439 48  settle 1.0
1440 80  settle 1.0
1441 98  settle 1.0
1442 55  settle 1.0
1443 59  settle 1.0
1444 220  settle 1.0
1445 102  settle 1.0
1446 102  settle 1.0
1447 66  settle 1.0
1448 68  settle 1.0
1449 49  settle 1.0
1450 78  settle 1.0
1451 82  settle 1.0
1452 94  settle 1.0
1453 58  settle 1.0
1454 77  settle 1.0
1455 90  settle 1.0
1456 221  settle 1.0
1457 57  settle 1.0
1458 100  settle 1.0
1459 58  settle 1.0
1460 32  settle 1.0
1461 80  settle 1.0
1462 62  settle 1.0
1463 57  settle 1.0
1464 74  settle 1.0
1465 70  settle 1.0
1466 93  settle 1.0
1467 78  settle 1.0
1468 66  settle 1.0
1469 114  settle 1.0
1470 69  settle 1.0
1471 59  settle 1.0
1472 60  settle 1.0
1473 99  settle 1.0
1474 90  settle 1.0
1475 111  settle 1.0
1476 90  settle 1.0
1477 61  settle 1.0
1478 104  settle 1.0
1479 82  settle 1.0
1480 93  settle 1.0
1481 274 HIT settle 3.8
1482 53  settle 1.0
1483 75  settle 1.0
1484 99  settle 1.0
1485 69  settle 1.0
1486 65  settle 1.0
1487 85  settle 1.0
1488 72  settle 1.0
1489 61  settle 1.0
1490 72  settle 1.0
1491 95  settle 1.0
1492 49  settle 1.0
1493 291 HIT settle -9.4
1494 72  settle 1.0
1495 87  settle 1.0
1496 90  settle 1.0
1497 81  settle 1.0
1498 93  settle 1.0
1499 106  settle 1.0
1500 79  settle 1.0
1501 85  settle 1.0
1502 85  settle 1.0
1503 59  settle 1.0
1504 132  settle 1.0
1505 91  settle 1.0
1506 109  settle 1.0
1507 55  settle 1.0
1508 42  settle 1.0
1509 62  settle 1.0
1510 45  settle 1.0
1511 63  settle 1.0
1512 66  settle 1.0
1513 84  settle 1.0
1514 57  settle 1.0
1515 89  settle 1.0
1516 313 HIT settle -9.4
1517 85  settle 1.0
1518 114  settle 1.0
1519 72  settle 1.0
1520 53  settle 1.0
1521 68  settle 1.0
1522 59  settle 1.0
1523 84  settle 1.0
1524 59  settle 1.0
1525 61  settle 1.0
1526 83  settle 1.0
1527 274 HIT settle -9.4
1528 74  settle 1.0
1529 66  settle 1.0
1530 61  settle 1.0
1531 66  settle 1.0
1532 81  settle 1.0
1533 96  settle 1.0
1534 96  settle 1.0
1535 82  settle 1.0
1536 94  settle 1.0
1537 88  settle 3.8
1538 264 HIT settle 2.4
1539 82  settle 1.0
1540 83  settle 1.0
1541 97  settle 1.0
1542 78  settle 1.0
1543 68  settle 0.8
1544 78  settle 1.0
1545 96  settle 1.0
1546 75  settle 1.0
1547 99  settle 1.0
1548 92  settle 1.0
1549 141  settle 1.0
1550 87  settle 1.0
1551 77  settle 1.0
1552 103  settle 1.0
1553 72  settle 1.0
1554 113  settle 1.0
1555 92  settle 1.0
1556 78  settle 1.0
1557 83  settle 1.0
1558 87  settle 1.0
1559 72  settle 1.0
1560 75  settle 1.0
1561 88  settle 1.0
1562 260 HIT settle 1.0
1563 66  settle 1.0
1564 68  settle 1.0
1565 81  settle 1.0
1566 60  settle 1.0
1567 91  settle 1.0
1568 94  settle 1.0
1569 51  settle 1.0
1570 58  settle 1.0
1571 96  settle 1.0
1572 120  settle 1.0
1573 124  settle 1.0
1574 228  settle 1.0
1575 65  settle 1.0
1576 42  settle 1.0
1577 67  settle 1.0
1578 94  settle 1.0
1579 112  settle 1.0
1580 70  settle 1.0
1581 81  settle 1.0
1582 65  settle 1.0
1583 67  settle 1.0
1584 61  settle 1.0
1585 98  settle 1.0
1586 92  settle 1.0
1587 127  settle 1.0
1588 82  settle 1.0
1589 77  settle 1.0
1590 77  settle 1.0
1591 84  settle 1.0
1592 88  settle 1.0
1593 69  settle 1.0
1594 83  settle 1.0
1595 89  settle 1.0
1596 78  settle 1.0
1597 62  settle 1.0
1598 78  settle 1.0
1599 261 HIT settle -9.4
1600 85  settle 1.0
1601 71  settle 1.0
1602 81  settle 1.0
1603 87  settle 1.0
1604 83  settle 1.0
1605 50  settle 1.0
1606 57  settle 1.0
1607 94  settle 1.0
1608 103  settle 1.0
1609 51  settle 1.0
1610 273 HIT settle -9.4
1611 101  settle 1.0
1612 84  settle 1.0
1613 90  settle 1.0
1614 66  settle 1.0
1615 72  settle 1.0
1616 95  settle 1.0
1617 85  settle 1.0
1618 89  settle 1.0
1619 73  settle 1.0
1620 65  settle 1.0
1621 149  settle 1.0
1622 63  settle 1.0
1623 72  settle 1.0
1624 64  settle 1.0
1625 79  settle 1.0
1626 88  settle 1.0
1627 83  settle 1.0
1628 78  settle 1.0
1629 63  settle 1.0
1630 69  settle 1.0
1631 60  settle 1.0
1632 64  settle 1.0
1633 313 HIT settle -9.3
1634 72  settle 1.0
1635 61  settle 1.0
1636 97  settle 1.0
1637 89  settle 1.0
1638 94  settle 1.0
1639 58  settle 1.0
1640 52  settle 1.0
1641 72  settle 1.0
