hdr F0 seed 00 169.8
hdr F0 seed 01 170.5
hdr F0 seed 02 170.1
hdr F0 seed 03 170.0
hdr F0 seed 04 170.0
hdr F0 seed 05 170.5
hdr F0 seed 06 170.1
hdr F0 seed 07 169.9
hdr F0 seed 08 169.8
hdr F0 seed 09 169.9
hdr F0 seed 0A 169.8
hdr F0 seed 0B 169.7
hdr F0 seed 0C 169.7
hdr F0 seed 0D 169.3
hdr F0 seed 0E 169.8
hdr F0 seed 0F 169.8
hdr F0 seed 10 169.9
hdr F0 seed 11 170.3
hdr F0 seed 12 169.9
hdr F0 seed 13 169.6
hdr F0 seed 14 170.0
hdr F0 seed 15 169.9
hdr F0 seed 16 169.4
hdr F0 seed 17 170.0
hdr F0 seed 18 169.6
hdr F0 seed 19 169.7
hdr F0 seed 1A 170.2
hdr F0 seed 1B 169.6
hdr F0 seed 1C 170.0
hdr F0 seed 1D 169.3
hdr F0 seed 1E 169.9
hdr F0 seed 1F 169.7
hdr F0 seed 20 169.9
hdr F0 seed 21 170.0
hdr F0 seed 22 169.5
hdr F0 seed 23 169.7
hdr F0 seed 24 169.9
hdr F0 seed 25 170.5
hdr F0 seed 26 170.0
hdr F0 seed 27 169.5
hdr F0 seed 28 169.0
hdr F0 seed 29 170.1
hdr F0 seed 2A 168.8
hdr F0 seed 2B 168.7
hdr F0 seed 2C 170.0
hdr F0 seed 2D 169.7
hdr F0 seed 2E 169.8
hdr F0 seed 2F 170.5
hdr F0 seed 30 169.8
hdr F0 seed 31 169.6
hdr F0 seed 32 169.8
hdr F0 seed 33 169.7
hdr F0 seed 34 168.2
hdr F0 seed 35 169.8
hdr F0 seed 36 169.9
hdr F0 seed 37 169.5
hdr F0 seed 38 169.8
hdr F0 seed 39 170.3
hdr F0 seed 3A 169.9
hdr F0 seed 3B 169.9
hdr F0 seed 3C 169.4
hdr F0 seed 3D 169.7
hdr F0 seed 3E 169.4
hdr F0 seed 3F 169.6
hdr F0 seed 40 170.0
hdr F0 seed 41 170.3
hdr F0 seed 42 169.9
hdr F0 seed 43 169.8
hdr F0 seed 44 169.9
hdr F0 seed 45 170.8
hdr F0 seed 46 169.9
hdr F0 seed 47 169.0
hdr F0 seed 48 170.1
hdr F0 seed 49 170.0
hdr F0 seed 4A 169.6
hdr F0 seed 4B 169.5
hdr F0 seed 4C 169.7
hdr F0 seed 4D 169.6
hdr F0 seed 4E 169.7
hdr F0 seed 4F 169.4
hdr F0 seed 50 169.9
hdr F0 seed 51 170.3
hdr F0 seed 52 169.7
hdr F0 seed 53 169.6
hdr F0 seed 54 170.2
hdr F0 seed 55 170.1
hdr F0 seed 56 170.3
hdr F0 seed 57 170.3
hdr F0 seed 58 169.5
hdr F0 seed 59 166.0
hdr F0 seed 5A 169.7
hdr F0 seed 5B 169.7
hdr F0 seed 5C 169.4
hdr F0 seed 5D 169.7
hdr F0 seed 5E 169.4
hdr F0 seed 5F 169.8
hdr F0 seed 60 170.2
hdr F0 seed 61 169.3
hdr F0 seed 62 169.8
hdr F0 seed 63 169.8
hdr F0 seed 64 169.9
hdr F0 seed 65 169.7
hdr F0 seed 66 170.0
hdr F0 seed 67 170.4
hdr F0 seed 68 169.6
hdr F0 seed 69 169.3
hdr F0 seed 6A 169.7
hdr F0 seed 6B 170.0
hdr F0 seed 6C 169.5
hdr F0 seed 6D 169.7
hdr F0 seed 6E 169.9
hdr F0 seed 6F 170.2
hdr F0 seed 70 168.7
hdr F0 seed 71 170.1
hdr F0 seed 72 169.5
hdr F0 seed 73 170.3
hdr F0 seed 74 170.1
hdr F0 seed 75 170.0
hdr F0 seed 76 169.5
hdr F0 seed 77 169.7
hdr F0 seed 78 169.9
hdr F0 seed 79 169.9
hdr F0 seed 7A 169.8
hdr F0 seed 7B 169.7
hdr F0 seed 7C 169.7
hdr F0 seed 7D 169.6
hdr F0 seed 7E 169.8
hdr F0 seed 7F 169.7
hdr F0 seed 80 169.8
hdr F0 seed 81 169.8
hdr F0 seed 82 169.2
hdr F0 seed 83 169.8
hdr F0 seed 84 169.8
hdr F0 seed 85 169.6
hdr F0 seed 86 170.0
hdr F0 seed 87 169.6
hdr F0 seed 88 169.8
hdr F0 seed 89 170.0
hdr F0 seed 8A 170.2
hdr F0 seed 8B 169.7
hdr F0 seed 8C 169.9
hdr F0 seed 8D 169.7
hdr F0 seed 8E 169.5
hdr F0 seed 8F 169.7
hdr F0 seed 90 169.7
hdr F0 seed 91 170.3
hdr F0 seed 92 170.2
hdr F0 seed 93 169.9
hdr F0 seed 94 169.9
hdr F0 seed 95 170.1
hdr F0 seed 96 169.7
hdr F0 seed 97 169.8
hdr F0 seed 98 169.5
hdr F0 seed 99 170.1
hdr F0 seed 9A 169.6
hdr F0 seed 9B 169.6
hdr F0 seed 9C 170.0
hdr F0 seed 9D 170.0
hdr F0 seed 9E 169.9
hdr F0 seed 9F 170.3
hdr F0 seed A0 170.5
hdr F0 seed A1 169.2
hdr F0 seed A2 170.0
hdr F0 seed A3 170.0
hdr F0 seed A4 169.7
hdr F0 seed A5 169.8
hdr F0 seed A6 170.0
hdr F0 seed A7 169.9
hdr F0 seed A8 169.9
hdr F0 seed A9 169.8
hdr F0 seed AA 170.3
hdr F0 seed AB 169.7
hdr F0 seed AC 169.8
hdr F0 seed AD 169.8
hdr F0 seed AE 170.1
hdr F0 seed AF 170.5
hdr F0 seed B0 170.2
hdr F0 seed B1 170.0
hdr F0 seed B2 169.5
hdr F0 seed B3 169.5
hdr F0 seed B4 170.0
hdr F0 seed B5 169.8
hdr F0 seed B6 169.8
hdr F0 seed B7 170.0
hdr F0 seed B8 170.1
hdr F0 seed B9 169.7
hdr F0 seed BA 170.1
hdr F0 seed BB 169.9
hdr F0 seed BC 169.8
hdr F0 seed BD 170.0
hdr F0 seed BE 169.7
hdr F0 seed BF 170.1
hdr F0 seed C0 170.1
hdr F0 seed C1 170.1
hdr F0 seed C2 170.3
hdr F0 seed C3 169.7
hdr F0 seed C4 170.1
hdr F0 seed C5 170.1
hdr F0 seed C6 170.0
hdr F0 seed C7 170.2
hdr F0 seed C8 170.1
hdr F0 seed C9 170.2
hdr F0 seed CA 169.6
hdr F0 seed CB 170.1
hdr F0 seed CC 170.4
hdr F0 seed CD 170.5
hdr F0 seed CE 169.8
hdr F0 seed CF 169.9
hdr F0 seed D0 169.7
hdr F0 seed D1 170.2
hdr F0 seed D2 169.8
hdr F0 seed D3 169.8
hdr F0 seed D4 170.2
hdr F0 seed D5 170.3
hdr F0 seed D6 169.9
hdr F0 seed D7 170.2
hdr F0 seed D8 170.0
hdr F0 seed D9 170.1
hdr F0 seed DA 170.3
hdr F0 seed DB 170.5
hdr F0 seed DC 169.8
hdr F0 seed DD 169.5
hdr F0 seed DE 169.9
hdr F0 seed DF 170.1
hdr F0 seed E0 170.3
hdr F0 seed E1 169.7
hdr F0 seed E2 170.1
hdr F0 seed E3 170.3
hdr F0 seed E4 170.3
hdr F0 seed E5 170.0
hdr F0 seed E6 169.8
hdr F0 seed E7 170.5
hdr F0 seed E8 170.1
hdr F0 seed E9 170.2
hdr F0 seed EA 170.0
hdr F0 seed EB 170.1
hdr F0 seed EC 170.5
hdr F0 seed ED 169.3
hdr F0 seed EE 170.3
hdr F0 seed EF 170.3
hdr F0 seed F0 170.0
hdr F0 seed F1 170.4
hdr F0 seed F2 170.4
hdr F0 seed F3 169.8
hdr F0 seed F4 170.2
hdr F0 seed F5 170.2
hdr F0 seed F6 170.0
hdr F0 seed F7 170.0
hdr F0 seed F8 170.1
hdr F0 seed F9 170.2
hdr F0 seed FA 170.0
hdr F0 seed FB 170.0
hdr F0 seed FC 169.9
hdr F0 seed FD 170.4
hdr F0 seed FE 170.0
hdr F0 seed FF 170.1
hdr 60 seed 00 170.3
hdr 60 seed 01 170.0
hdr 60 seed 02 170.0
hdr 60 seed 03 170.1
hdr 60 seed 04 170.5
hdr 60 seed 05 170.2
hdr 60 seed 06 170.0
hdr 60 seed 07 170.1
hdr 60 seed 08 170.5
hdr 60 seed 09 170.5
hdr 60 seed 0A 169.7
hdr 60 seed 0B 169.8
hdr 60 seed 0C 169.9
hdr 60 seed 0D 169.7
hdr 60 seed 0E 169.9
hdr 60 seed 0F 169.9
hdr 60 seed 10 169.8
hdr 60 seed 11 170.3
hdr 60 seed 12 170.3
hdr 60 seed 13 170.0
hdr 60 seed 14 170.2
hdr 60 seed 15 170.3
hdr 60 seed 16 170.8
hdr 60 seed 17 170.0
hdr 60 seed 18 170.0
hdr 60 seed 19 170.5
hdr 60 seed 1A 169.8
hdr 60 seed 1B 170.6
hdr 60 seed 1C 170.1
hdr 60 seed 1D 170.2
hdr 60 seed 1E 170.3
hdr 60 seed 1F 170.3
hdr 60 seed 20 170.3
hdr 60 seed 21 170.3
hdr 60 seed 22 170.0
hdr 60 seed 23 170.8
hdr 60 seed 24 170.2
hdr 60 seed 25 170.8
hdr 60 seed 26 170.5
hdr 60 seed 27 170.2
hdr 60 seed 28 170.2
hdr 60 seed 29 170.5
hdr 60 seed 2A 170.5
hdr 60 seed 2B 169.9
hdr 60 seed 2C 170.2
hdr 60 seed 2D 170.5
hdr 60 seed 2E 171.3
hdr 60 seed 2F 170.3
hdr 60 seed 30 169.8
hdr 60 seed 31 169.9
hdr 60 seed 32 170.5
hdr 60 seed 33 170.5
hdr 60 seed 34 170.0
hdr 60 seed 35 170.5
hdr 60 seed 36 170.5
hdr 60 seed 37 170.2
hdr 60 seed 38 171.0
hdr 60 seed 39 170.2
hdr 60 seed 3A 170.5
hdr 60 seed 3B 170.5
hdr 60 seed 3C 170.1
hdr 60 seed 3D 170.3
hdr 60 seed 3E 170.5
hdr 60 seed 3F 170.2
hdr 60 seed 40 170.0
hdr 60 seed 41 170.2
hdr 60 seed 42 170.2
hdr 60 seed 43 171.0
hdr 60 seed 44 170.1
hdr 60 seed 45 170.0
hdr 60 seed 46 170.3
hdr 60 seed 47 170.5
hdr 60 seed 48 170.1
hdr 60 seed 49 170.3
hdr 60 seed 4A 170.1
hdr 60 seed 4B 170.5
hdr 60 seed 4C 169.8
hdr 60 seed 4D 170.1
hdr 60 seed 4E 169.9
hdr 60 seed 4F 169.5
hdr 60 seed 50 170.1
hdr 60 seed 51 170.5
hdr 60 seed 52 169.7
hdr 60 seed 53 169.7
hdr 60 seed 54 170.1
hdr 60 seed 55 170.5
hdr 60 seed 56 170.4
hdr 60 seed 57 170.6
hdr 60 seed 58 170.3
hdr 60 seed 59 170.3
hdr 60 seed 5A 169.9
hdr 60 seed 5B 170.0
hdr 60 seed 5C 170.5
hdr 60 seed 5D 170.2
hdr 60 seed 5E 170.5
hdr 60 seed 5F 170.5
hdr 60 seed 60 169.8
hdr 60 seed 61 170.4
hdr 60 seed 62 169.7
hdr 60 seed 63 170.3
hdr 60 seed 64 170.5
hdr 60 seed 65 170.0
hdr 60 seed 66 170.0
hdr 60 seed 67 170.2
hdr 60 seed 68 170.5
hdr 60 seed 69 170.2
hdr 60 seed 6A 170.4
hdr 60 seed 6B 169.8
hdr 60 seed 6C 169.7
hdr 60 seed 6D 170.9
hdr 60 seed 6E 170.5
hdr 60 seed 6F 169.9
hdr 60 seed 70 170.4
hdr 60 seed 71 170.0
hdr 60 seed 72 170.0
hdr 60 seed 73 169.7
hdr 60 seed 74 169.7
hdr 60 seed 75 170.1
hdr 60 seed 76 170.2
hdr 60 seed 77 170.5
hdr 60 seed 78 170.1
hdr 60 seed 79 170.5
hdr 60 seed 7A 170.4
hdr 60 seed 7B 170.5
hdr 60 seed 7C 170.5
hdr 60 seed 7D 170.2
hdr 60 seed 7E 170.5
hdr 60 seed 7F 169.9
hdr 60 seed 80 171.3
hdr 60 seed 81 170.4
hdr 60 seed 82 170.5
hdr 60 seed 83 170.8
hdr 60 seed 84 170.3
hdr 60 seed 85 170.5
hdr 60 seed 86 170.5
hdr 60 seed 87 169.8
hdr 60 seed 88 171.3
hdr 60 seed 89 170.2
hdr 60 seed 8A 170.0
hdr 60 seed 8B 170.3
hdr 60 seed 8C 169.5
hdr 60 seed 8D 170.2
hdr 60 seed 8E 169.6
hdr 60 seed 8F 170.3
hdr 60 seed 90 170.5
hdr 60 seed 91 170.1
hdr 60 seed 92 170.3
hdr 60 seed 93 170.3
hdr 60 seed 94 170.0
hdr 60 seed 95 170.2
hdr 60 seed 96 170.0
hdr 60 seed 97 170.3
hdr 60 seed 98 169.8
hdr 60 seed 99 170.5
hdr 60 seed 9A 170.5
hdr 60 seed 9B 170.3
hdr 60 seed 9C 170.3
hdr 60 seed 9D 170.9
hdr 60 seed 9E 170.1
hdr 60 seed 9F 170.8
hdr 60 seed A0 170.2
hdr 60 seed A1 170.5
hdr 60 seed A2 170.8
hdr 60 seed A3 170.3
hdr 60 seed A4 170.5
hdr 60 seed A5 170.1
hdr 60 seed A6 170.5
hdr 60 seed A7 170.5
hdr 60 seed A8 170.1
hdr 60 seed A9 170.5
hdr 60 seed AA 170.9
hdr 60 seed AB 170.5
hdr 60 seed AC 170.0
hdr 60 seed AD 170.8
hdr 60 seed AE 170.1
hdr 60 seed AF 170.2
hdr 60 seed B0 170.2
hdr 60 seed B1 170.6
hdr 60 seed B2 170.5
hdr 60 seed B3 170.2
hdr 60 seed B4 170.5
hdr 60 seed B5 170.5
hdr 60 seed B6 170.5
hdr 60 seed B7 170.0
hdr 60 seed B8 170.2
hdr 60 seed B9 170.4
hdr 60 seed BA 170.3
hdr 60 seed BB 170.4
hdr 60 seed BC 170.2
hdr 60 seed BD 170.8
hdr 60 seed BE 170.5
hdr 60 seed BF 170.1
hdr 60 seed C0 170.5
hdr 60 seed C1 171.1
hdr 60 seed C2 170.2
hdr 60 seed C3 170.0
hdr 60 seed C4 170.3
hdr 60 seed C5 170.5
hdr 60 seed C6 170.3
hdr 60 seed C7 170.5
hdr 60 seed C8 170.5
hdr 60 seed C9 171.3
hdr 60 seed CA 170.5
hdr 60 seed CB 170.3
hdr 60 seed CC 170.5
hdr 60 seed CD 170.2
hdr 60 seed CE 170.5
hdr 60 seed CF 170.1
hdr 60 seed D0 170.5
hdr 60 seed D1 170.5
hdr 60 seed D2 170.5
hdr 60 seed D3 170.5
hdr 60 seed D4 170.1
hdr 60 seed D5 170.9
hdr 60 seed D6 170.5
hdr 60 seed D7 170.5
hdr 60 seed D8 170.5
hdr 60 seed D9 170.3
hdr 60 seed DA 170.5
hdr 60 seed DB 170.1
hdr 60 seed DC 170.5
hdr 60 seed DD 170.1
hdr 60 seed DE 170.2
hdr 60 seed DF 170.5
hdr 60 seed E0 169.9
hdr 60 seed E1 170.2
hdr 60 seed E2 170.8
hdr 60 seed E3 170.1
hdr 60 seed E4 170.9
hdr 60 seed E5 170.6
hdr 60 seed E6 170.1
hdr 60 seed E7 170.5
hdr 60 seed E8 170.3
hdr 60 seed E9 169.8
hdr 60 seed EA 170.5
hdr 60 seed EB 171.0
hdr 60 seed EC 171.5
hdr 60 seed ED 170.5
hdr 60 seed EE 170.1
hdr 60 seed EF 170.1
hdr 60 seed F0 170.8
hdr 60 seed F1 170.6
hdr 60 seed F2 170.5
hdr 60 seed F3 170.3
hdr 60 seed F4 170.1
hdr 60 seed F5 170.5
hdr 60 seed F6 170.5
hdr 60 seed F7 170.5
hdr 60 seed F8 170.5
hdr 60 seed F9 170.5
hdr 60 seed FA 171.0
hdr 60 seed FB 170.8
hdr 60 seed FC 170.3
hdr 60 seed FD 170.5
hdr 60 seed FE 170.5
hdr 60 seed FF 170.8
hdr 10 seed 00 170.9
hdr 10 seed 01 170.5
hdr 10 seed 02 170.5
hdr 10 seed 03 170.5
hdr 10 seed 04 170.5
hdr 10 seed 05 170.5
hdr 10 seed 06 171.1
hdr 10 seed 07 170.3
hdr 10 seed 08 170.1
hdr 10 seed 09 170.9
hdr 10 seed 0A 169.7
hdr 10 seed 0B 170.5
hdr 10 seed 0C 170.5
hdr 10 seed 0D 170.5
hdr 10 seed 0E 170.5
hdr 10 seed 0F 170.3
hdr 10 seed 10 170.1
hdr 10 seed 11 170.3
hdr 10 seed 12 170.2
hdr 10 seed 13 170.1
hdr 10 seed 14 170.5
hdr 10 seed 15 171.0
hdr 10 seed 16 170.3
hdr 10 seed 17 171.0
hdr 10 seed 18 170.1
hdr 10 seed 19 170.2
hdr 10 seed 1A 170.9
hdr 10 seed 1B 170.5
hdr 10 seed 1C 170.5
hdr 10 seed 1D 170.0
hdr 10 seed 1E 170.8
hdr 10 seed 1F 169.6
hdr 10 seed 20 170.6
hdr 10 seed 21 170.5
hdr 10 seed 22 170.5
hdr 10 seed 23 170.5
hdr 10 seed 24 170.2
hdr 10 seed 25 169.9
hdr 10 seed 26 170.3
hdr 10 seed 27 169.8
hdr 10 seed 28 170.3
hdr 10 seed 29 169.8
hdr 10 seed 2A 169.9
hdr 10 seed 2B 170.2
hdr 10 seed 2C 170.3
hdr 10 seed 2D 170.3
hdr 10 seed 2E 170.3
hdr 10 seed 2F 169.5
hdr 10 seed 30 170.8
hdr 10 seed 31 170.5
hdr 10 seed 32 170.3
hdr 10 seed 33 169.7
hdr 10 seed 34 170.1
hdr 10 seed 35 170.6
hdr 10 seed 36 170.5
hdr 10 seed 37 170.0
hdr 10 seed 38 170.8
hdr 10 seed 39 170.5
hdr 10 seed 3A 170.2
hdr 10 seed 3B 170.5
hdr 10 seed 3C 170.1
hdr 10 seed 3D 170.5
hdr 10 seed 3E 170.3
hdr 10 seed 3F 170.3
hdr 10 seed 40 170.5
hdr 10 seed 41 170.0
hdr 10 seed 42 170.0
hdr 10 seed 43 170.8
hdr 10 seed 44 170.5
hdr 10 seed 45 170.1
hdr 10 seed 46 170.3
hdr 10 seed 47 170.2
hdr 10 seed 48 170.5
hdr 10 seed 49 170.1
hdr 10 seed 4A 169.8
hdr 10 seed 4B 170.0
hdr 10 seed 4C 170.5
hdr 10 seed 4D 170.5
hdr 10 seed 4E 170.1
hdr 10 seed 4F 170.8
hdr 10 seed 50 170.2
hdr 10 seed 51 170.6
hdr 10 seed 52 170.2
hdr 10 seed 53 170.8
hdr 10 seed 54 170.6
hdr 10 seed 55 169.3
hdr 10 seed 56 170.1
hdr 10 seed 57 169.8
hdr 10 seed 58 170.5
hdr 10 seed 59 170.2
hdr 10 seed 5A 170.5
hdr 10 seed 5B 169.6
hdr 10 seed 5C 170.0
hdr 10 seed 5D 171.0
hdr 10 seed 5E 169.7
hdr 10 seed 5F 169.9
hdr 10 seed 60 170.1
hdr 10 seed 61 170.1
hdr 10 seed 62 170.5
hdr 10 seed 63 170.5
hdr 10 seed 64 170.2
hdr 10 seed 65 170.2
hdr 10 seed 66 170.3
hdr 10 seed 67 170.2
hdr 10 seed 68 170.2
hdr 10 seed 69 170.3
hdr 10 seed 6A 170.3
hdr 10 seed 6B 169.7
hdr 10 seed 6C 170.5
hdr 10 seed 6D 170.5
hdr 10 seed 6E 170.9
hdr 10 seed 6F 170.5
hdr 10 seed 70 170.5
hdr 10 seed 71 170.0
hdr 10 seed 72 170.3
hdr 10 seed 73 170.8
hdr 10 seed 74 170.3
hdr 10 seed 75 170.3
hdr 10 seed 76 170.3
hdr 10 seed 77 170.3
hdr 10 seed 78 170.5
hdr 10 seed 79 169.7
hdr 10 seed 7A 170.1
hdr 10 seed 7B 170.5
hdr 10 seed 7C 170.0
hdr 10 seed 7D 170.3
hdr 10 seed 7E 170.5
hdr 10 seed 7F 170.0
hdr 10 seed 80 170.5
hdr 10 seed 81 169.9
hdr 10 seed 82 170.0
hdr 10 seed 83 170.9
hdr 10 seed 84 170.8
hdr 10 seed 85 170.2
hdr 10 seed 86 170.8
hdr 10 seed 87 170.1
hdr 10 seed 88 170.3
hdr 10 seed 89 170.3
hdr 10 seed 8A 170.3
hdr 10 seed 8B 170.8
hdr 10 seed 8C 170.5
hdr 10 seed 8D 170.2
hdr 10 seed 8E 170.0
hdr 10 seed 8F 170.8
hdr 10 seed 90 170.8
hdr 10 seed 91 170.8
hdr 10 seed 92 169.7
hdr 10 seed 93 170.8
hdr 10 seed 94 170.4
hdr 10 seed 95 171.0
hdr 10 seed 96 170.3
hdr 10 seed 97 170.8
hdr 10 seed 98 170.3
hdr 10 seed 99 170.2
hdr 10 seed 9A 170.2
hdr 10 seed 9B 170.5
hdr 10 seed 9C 169.7
hdr 10 seed 9D 170.1
hdr 10 seed 9E 170.3
hdr 10 seed 9F 170.5
hdr 10 seed A0 170.5
hdr 10 seed A1 169.5
hdr 10 seed A2 170.5
hdr 10 seed A3 170.5
hdr 10 seed A4 170.8
hdr 10 seed A5 169.8
hdr 10 seed A6 170.3
hdr 10 seed A7 170.0
hdr 10 seed A8 170.8
hdr 10 seed A9 170.4
hdr 10 seed AA 170.8
hdr 10 seed AB 170.2
hdr 10 seed AC 170.3
hdr 10 seed AD 170.1
hdr 10 seed AE 170.9
hdr 10 seed AF 170.9
hdr 10 seed B0 170.3
hdr 10 seed B1 170.1
hdr 10 seed B2 170.0
hdr 10 seed B3 170.4
hdr 10 seed B4 170.5
hdr 10 seed B5 170.3
hdr 10 seed B6 169.9
hdr 10 seed B7 170.3
hdr 10 seed B8 169.7
hdr 10 seed B9 170.3
hdr 10 seed BA 170.0
hdr 10 seed BB 169.3
hdr 10 seed BC 170.5
hdr 10 seed BD 170.2
hdr 10 seed BE 170.1
hdr 10 seed BF 170.4
hdr 10 seed C0 170.0
hdr 10 seed C1 170.8
hdr 10 seed C2 170.5
hdr 10 seed C3 170.1
hdr 10 seed C4 170.3
hdr 10 seed C5 170.5
hdr 10 seed C6 170.5
hdr 10 seed C7 170.4
hdr 10 seed C8 170.3
hdr 10 seed C9 170.8
hdr 10 seed CA 169.9
hdr 10 seed CB 170.4
hdr 10 seed CC 170.0
hdr 10 seed CD 170.2
hdr 10 seed CE 170.1
hdr 10 seed CF 170.4
hdr 10 seed D0 170.1
hdr 10 seed D1 170.0
hdr 10 seed D2 170.2
hdr 10 seed D3 171.0
hdr 10 seed D4 170.0
hdr 10 seed D5 170.8
hdr 10 seed D6 169.7
hdr 10 seed D7 170.5
hdr 10 seed D8 170.5
hdr 10 seed D9 169.7
hdr 10 seed DA 170.1
hdr 10 seed DB 169.9
hdr 10 seed DC 170.5
hdr 10 seed DD 170.5
hdr 10 seed DE 170.4
hdr 10 seed DF 170.4
hdr 10 seed E0 170.6
hdr 10 seed E1 170.0
hdr 10 seed E2 170.4
hdr 10 seed E3 170.2
hdr 10 seed E4 170.6
hdr 10 seed E5 170.2
hdr 10 seed E6 170.9
hdr 10 seed E7 170.3
hdr 10 seed E8 170.5
hdr 10 seed E9 170.6
hdr 10 seed EA 170.3
hdr 10 seed EB 169.8
hdr 10 seed EC 170.1
hdr 10 seed ED 170.5
hdr 10 seed EE 170.5
hdr 10 seed EF 169.7
hdr 10 seed F0 170.2
hdr 10 seed F1 169.5
hdr 10 seed F2 169.9
hdr 10 seed F3 169.7
hdr 10 seed F4 170.2
hdr 10 seed F5 170.1
hdr 10 seed F6 170.2
hdr 10 seed F7 170.0
hdr 10 seed F8 170.3
hdr 10 seed F9 170.8
hdr 10 seed FA 170.3
hdr 10 seed FB 170.2
hdr 10 seed FC 170.5
hdr 10 seed FD 170.8
hdr 10 seed FE 170.1
hdr 10 seed FF 170.1
